// Jest Snapshot v1, https://goo.gl/fbAQLP

exports[`TitleBar snapshot 1`] = `
<div
  className="title-bar"
  style={
    Object {
      "WebkitTapHighlightColor": "rgba(0,0,0,0)",
      "backgroundColor": "#00bcd4",
      "borderRadius": "0px",
      "boxShadow": "0 1px 6px rgba(0, 0, 0, 0.12),
             0 1px 4px rgba(0, 0, 0, 0.12)",
      "boxSizing": "border-box",
      "color": "rgba(0, 0, 0, 0.87)",
      "display": "flex",
      "fontFamily": "Roboto, sans-serif",
      "muiPrepared": true,
      "paddingLeft": 24,
      "paddingRight": 24,
      "position": "relative",
      "transition": "all 450ms cubic-bezier(0.23, 1, 0.32, 1) 0ms",
      "width": "100%",
      "zIndex": 1100,
    }
  }
>
  <div
    style={
      Object {
        "marginLeft": -16,
        "marginRight": 8,
        "marginTop": 8,
        "muiPrepared": true,
      }
    }
  >
    <span />
  </div>
  <div
    onTouchTap={[Function]}
    style={
      Object {
        "boxFlex": 1,
        "color": "#ffffff",
        "flex": "1",
        "fontSize": 24,
        "fontWeight": 400,
        "height": 64,
        "letterSpacing": 0,
        "lineHeight": "64px",
        "margin": 0,
        "muiPrepared": true,
        "overflow": "hidden",
        "paddingTop": 0,
        "textOverflow": "ellipsis",
        "whiteSpace": "nowrap",
      }
    }
  >
    <div
      style={
        Object {
          "fontFamily": "Orbitron",
        }
      }
    >
      StoryGrabber
    </div>
  </div>
  <div
    style={
      Object {
        "marginLeft": "auto",
        "marginRight": -16,
        "marginTop": 8,
        "muiPrepared": true,
      }
    }
  >
    <div
      className="title-bar-update-container"
    >
      <div
        className="title-bar-update-text"
      >
        <span>
          Last Updated: 
          now
        </span>
      </div>
    </div>
  </div>
</div>
`;
