// Jest Snapshot v1, https://goo.gl/fbAQLP

exports[`Story group snapshot 1`] = `
<div
  className="story-group-container"
  style={
    Object {
      "WebkitTapHighlightColor": "rgba(0,0,0,0)",
      "backgroundColor": "#ffffff",
      "borderRadius": 2,
      "boxShadow": "0 3px 10px rgba(0, 0, 0, 0.16),
             0 3px 10px rgba(0, 0, 0, 0.23)",
      "boxSizing": "border-box",
      "color": "rgba(0, 0, 0, 0.87)",
      "fontFamily": "Roboto, sans-serif",
      "muiPrepared": true,
      "transition": "all 450ms cubic-bezier(0.23, 1, 0.32, 1) 0ms",
    }
  }
>
  <div
    className="story-group-inner"
  >
    <div
      className="story-group-header"
    >
      <img
        className="story-group-logo"
        src="/logos/nothing.png"
      />
      <span
        className="story-group-site-name"
      >
        Test Site
      </span>
    </div>
    <div
      className="story-group-stories-container"
    >
      <div
        style={
          Object {
            "borderTop": "1px solid #ccc",
            "marginBottom": "10px",
            "paddingTop": "10px",
          }
        }
      >
        <div
          style={
            Object {
              "display": "block",
            }
          }
        >
          <a
            href="http://nowhere3.com"
            onClick={[Function]}
          >
            Test Three
          </a>
        </div>
        <div
          style={
            Object {
              "color": "#888",
              "display": "inline-block",
              "fontSize": "13px",
              "width": "150px",
            }
          }
        >
          60
           points
        </div>
        <span
          style={
            Object {
              "color": "#888",
              "display": "inline-block",
              "fontSize": "13px",
            }
          }
        >
           (
          nowhere3.com
          )
        </span>
      </div>
      <div
        style={
          Object {
            "borderTop": "1px solid #ccc",
            "marginBottom": "10px",
            "paddingTop": "10px",
          }
        }
      >
        <div
          style={
            Object {
              "display": "block",
            }
          }
        >
          <a
            href="http://nowhere2.com"
            onClick={[Function]}
          >
            Test Two
          </a>
        </div>
        <div
          style={
            Object {
              "color": "#888",
              "display": "inline-block",
              "fontSize": "13px",
              "width": "150px",
            }
          }
        >
          55
           points
        </div>
        <span
          style={
            Object {
              "color": "#888",
              "display": "inline-block",
              "fontSize": "13px",
            }
          }
        >
           (
          nowhere2.com
          )
        </span>
      </div>
      <div
        style={
          Object {
            "borderTop": "1px solid #ccc",
            "marginBottom": "10px",
            "paddingTop": "10px",
          }
        }
      >
        <div
          style={
            Object {
              "display": "block",
            }
          }
        >
          <a
            href="http://nowhere.com"
            onClick={[Function]}
          >
            Test Title
          </a>
        </div>
        <div
          style={
            Object {
              "color": "#888",
              "display": "inline-block",
              "fontSize": "13px",
              "width": "150px",
            }
          }
        >
          50
           points
        </div>
        <span
          style={
            Object {
              "color": "#888",
              "display": "inline-block",
              "fontSize": "13px",
            }
          }
        >
           (
          nowhere.com
          )
        </span>
      </div>
    </div>
  </div>
</div>
`;
